// Jest Snapshot v1, https://goo.gl/fbAQLP

exports[`<ItemsList /> render renders component correctly 1`] = `
ShallowWrapper {
  "length": 1,
  Symbol(enzyme.__root__): [Circular],
  Symbol(enzyme.__unrendered__): <ItemsList
    isFolderSelectionOnly={false}
    items={Immutable.List []}
    onItemClick={[Function]}
    onItemDoubleClick={[Function]}
    selectedItemId="0"
  />,
  Symbol(enzyme.__renderer__): Object {
    "batchedUpdates": [Function],
    "getNode": [Function],
    "render": [Function],
    "simulateEvent": [Function],
    "unmount": [Function],
  },
  Symbol(enzyme.__node__): Object {
    "instance": null,
    "key": undefined,
    "nodeType": "class",
    "props": Object {
      "children": <ItemsList__EmptyFolder>
        This folder is emptry.
      </ItemsList__EmptyFolder>,
    },
    "ref": null,
    "rendered": Object {
      "instance": null,
      "key": undefined,
      "nodeType": "class",
      "props": Object {
        "children": "This folder is emptry.",
      },
      "ref": null,
      "rendered": "This folder is emptry.",
      "type": [Function],
    },
    "type": [Function],
  },
  Symbol(enzyme.__nodes__): Array [
    Object {
      "instance": null,
      "key": undefined,
      "nodeType": "class",
      "props": Object {
        "children": <ItemsList__EmptyFolder>
          This folder is emptry.
        </ItemsList__EmptyFolder>,
      },
      "ref": null,
      "rendered": Object {
        "instance": null,
        "key": undefined,
        "nodeType": "class",
        "props": Object {
          "children": "This folder is emptry.",
        },
        "ref": null,
        "rendered": "This folder is emptry.",
        "type": [Function],
      },
      "type": [Function],
    },
  ],
  Symbol(enzyme.__options__): Object {
    "adapter": ReactSixteenAdapter {
      "options": Object {
        "enableComponentDidUpdateOnSetState": true,
      },
    },
  },
}
`;
