// Jest Snapshot v1, https://goo.gl/fbAQLP

exports[`<Picker /> render renders component correctly 1`] = `
ShallowWrapper {
  "length": 1,
  Symbol(enzyme.__root__): [Circular],
  Symbol(enzyme.__unrendered__): <Picker />,
  Symbol(enzyme.__renderer__): Object {
    "batchedUpdates": [Function],
    "getNode": [Function],
    "render": [Function],
    "simulateEvent": [Function],
    "unmount": [Function],
  },
  Symbol(enzyme.__node__): Object {
    "instance": null,
    "key": undefined,
    "nodeType": "class",
    "props": Object {
      "children": Array [
        <Modal
          container={
            <div
              id="modal"
            />
          }
          onCloseModal={[Function]}
          show={false}
        >
          <Picker__Header>
            <Navigation
              folders={
                Immutable.Map {
                  "0": Object {
                    "folderName": "pCloud",
                    "items": null,
                  },
                }
              }
              onNameClick={[Function]}
              path={
                Immutable.List [
                  "0",
                ]
              }
            />
          </Picker__Header>
          <Picker__Section>
            <Picker__Loader />
          </Picker__Section>
          <Picker__Footer>
            <Picker__DefaultButton
              onClick={[Function]}
            >
              Cancel
            </Picker__DefaultButton>
            <Picker__DefaultButton
              onClick={[Function]}
            >
              Choose
            </Picker__DefaultButton>
          </Picker__Footer>
        </Modal>,
        <Picker__DefaultButton
          onClick={[Function]}
        >
          pCloud
        </Picker__DefaultButton>,
      ],
    },
    "ref": null,
    "rendered": Array [
      Object {
        "instance": null,
        "key": undefined,
        "nodeType": "class",
        "props": Object {
          "children": Array [
            <Picker__Header>
              <Navigation
                folders={
                  Immutable.Map {
                    "0": Object {
                      "folderName": "pCloud",
                      "items": null,
                    },
                  }
                }
                onNameClick={[Function]}
                path={
                  Immutable.List [
                    "0",
                  ]
                }
              />
            </Picker__Header>,
            <Picker__Section>
              <Picker__Loader />
            </Picker__Section>,
            <Picker__Footer>
              <Picker__DefaultButton
                onClick={[Function]}
              >
                Cancel
              </Picker__DefaultButton>
              <Picker__DefaultButton
                onClick={[Function]}
              >
                Choose
              </Picker__DefaultButton>
            </Picker__Footer>,
          ],
          "container": <div
            id="modal"
          />,
          "onCloseModal": [Function],
          "show": false,
        },
        "ref": null,
        "rendered": Array [
          Object {
            "instance": null,
            "key": undefined,
            "nodeType": "class",
            "props": Object {
              "children": <Navigation
                folders={
                  Immutable.Map {
                    "0": Object {
                      "folderName": "pCloud",
                      "items": null,
                    },
                  }
                }
                onNameClick={[Function]}
                path={
                  Immutable.List [
                    "0",
                  ]
                }
              />,
            },
            "ref": null,
            "rendered": Object {
              "instance": null,
              "key": undefined,
              "nodeType": "class",
              "props": Object {
                "folders": Immutable.Map {
                  "0": Object {
                    "folderName": "pCloud",
                    "items": null,
                  },
                },
                "onNameClick": [Function],
                "path": Immutable.List [
                  "0",
                ],
              },
              "ref": null,
              "rendered": null,
              "type": [Function],
            },
            "type": [Function],
          },
          Object {
            "instance": null,
            "key": undefined,
            "nodeType": "class",
            "props": Object {
              "children": <Picker__Loader />,
            },
            "ref": null,
            "rendered": Object {
              "instance": null,
              "key": undefined,
              "nodeType": "class",
              "props": Object {},
              "ref": null,
              "rendered": null,
              "type": [Function],
            },
            "type": [Function],
          },
          Object {
            "instance": null,
            "key": undefined,
            "nodeType": "class",
            "props": Object {
              "children": Array [
                <Picker__DefaultButton
                  onClick={[Function]}
                >
                  Cancel
                </Picker__DefaultButton>,
                <Picker__DefaultButton
                  onClick={[Function]}
                >
                  Choose
                </Picker__DefaultButton>,
              ],
            },
            "ref": null,
            "rendered": Array [
              Object {
                "instance": null,
                "key": undefined,
                "nodeType": "class",
                "props": Object {
                  "children": "Cancel",
                  "onClick": [Function],
                },
                "ref": null,
                "rendered": "Cancel",
                "type": [Function],
              },
              Object {
                "instance": null,
                "key": undefined,
                "nodeType": "class",
                "props": Object {
                  "children": "Choose",
                  "onClick": [Function],
                },
                "ref": null,
                "rendered": "Choose",
                "type": [Function],
              },
            ],
            "type": [Function],
          },
        ],
        "type": [Function],
      },
      Object {
        "instance": null,
        "key": undefined,
        "nodeType": "class",
        "props": Object {
          "children": "pCloud",
          "onClick": [Function],
        },
        "ref": null,
        "rendered": "pCloud",
        "type": [Function],
      },
    ],
    "type": [Function],
  },
  Symbol(enzyme.__nodes__): Array [
    Object {
      "instance": null,
      "key": undefined,
      "nodeType": "class",
      "props": Object {
        "children": Array [
          <Modal
            container={
              <div
                id="modal"
              />
            }
            onCloseModal={[Function]}
            show={false}
          >
            <Picker__Header>
              <Navigation
                folders={
                  Immutable.Map {
                    "0": Object {
                      "folderName": "pCloud",
                      "items": null,
                    },
                  }
                }
                onNameClick={[Function]}
                path={
                  Immutable.List [
                    "0",
                  ]
                }
              />
            </Picker__Header>
            <Picker__Section>
              <Picker__Loader />
            </Picker__Section>
            <Picker__Footer>
              <Picker__DefaultButton
                onClick={[Function]}
              >
                Cancel
              </Picker__DefaultButton>
              <Picker__DefaultButton
                onClick={[Function]}
              >
                Choose
              </Picker__DefaultButton>
            </Picker__Footer>
          </Modal>,
          <Picker__DefaultButton
            onClick={[Function]}
          >
            pCloud
          </Picker__DefaultButton>,
        ],
      },
      "ref": null,
      "rendered": Array [
        Object {
          "instance": null,
          "key": undefined,
          "nodeType": "class",
          "props": Object {
            "children": Array [
              <Picker__Header>
                <Navigation
                  folders={
                    Immutable.Map {
                      "0": Object {
                        "folderName": "pCloud",
                        "items": null,
                      },
                    }
                  }
                  onNameClick={[Function]}
                  path={
                    Immutable.List [
                      "0",
                    ]
                  }
                />
              </Picker__Header>,
              <Picker__Section>
                <Picker__Loader />
              </Picker__Section>,
              <Picker__Footer>
                <Picker__DefaultButton
                  onClick={[Function]}
                >
                  Cancel
                </Picker__DefaultButton>
                <Picker__DefaultButton
                  onClick={[Function]}
                >
                  Choose
                </Picker__DefaultButton>
              </Picker__Footer>,
            ],
            "container": <div
              id="modal"
            />,
            "onCloseModal": [Function],
            "show": false,
          },
          "ref": null,
          "rendered": Array [
            Object {
              "instance": null,
              "key": undefined,
              "nodeType": "class",
              "props": Object {
                "children": <Navigation
                  folders={
                    Immutable.Map {
                      "0": Object {
                        "folderName": "pCloud",
                        "items": null,
                      },
                    }
                  }
                  onNameClick={[Function]}
                  path={
                    Immutable.List [
                      "0",
                    ]
                  }
                />,
              },
              "ref": null,
              "rendered": Object {
                "instance": null,
                "key": undefined,
                "nodeType": "class",
                "props": Object {
                  "folders": Immutable.Map {
                    "0": Object {
                      "folderName": "pCloud",
                      "items": null,
                    },
                  },
                  "onNameClick": [Function],
                  "path": Immutable.List [
                    "0",
                  ],
                },
                "ref": null,
                "rendered": null,
                "type": [Function],
              },
              "type": [Function],
            },
            Object {
              "instance": null,
              "key": undefined,
              "nodeType": "class",
              "props": Object {
                "children": <Picker__Loader />,
              },
              "ref": null,
              "rendered": Object {
                "instance": null,
                "key": undefined,
                "nodeType": "class",
                "props": Object {},
                "ref": null,
                "rendered": null,
                "type": [Function],
              },
              "type": [Function],
            },
            Object {
              "instance": null,
              "key": undefined,
              "nodeType": "class",
              "props": Object {
                "children": Array [
                  <Picker__DefaultButton
                    onClick={[Function]}
                  >
                    Cancel
                  </Picker__DefaultButton>,
                  <Picker__DefaultButton
                    onClick={[Function]}
                  >
                    Choose
                  </Picker__DefaultButton>,
                ],
              },
              "ref": null,
              "rendered": Array [
                Object {
                  "instance": null,
                  "key": undefined,
                  "nodeType": "class",
                  "props": Object {
                    "children": "Cancel",
                    "onClick": [Function],
                  },
                  "ref": null,
                  "rendered": "Cancel",
                  "type": [Function],
                },
                Object {
                  "instance": null,
                  "key": undefined,
                  "nodeType": "class",
                  "props": Object {
                    "children": "Choose",
                    "onClick": [Function],
                  },
                  "ref": null,
                  "rendered": "Choose",
                  "type": [Function],
                },
              ],
              "type": [Function],
            },
          ],
          "type": [Function],
        },
        Object {
          "instance": null,
          "key": undefined,
          "nodeType": "class",
          "props": Object {
            "children": "pCloud",
            "onClick": [Function],
          },
          "ref": null,
          "rendered": "pCloud",
          "type": [Function],
        },
      ],
      "type": [Function],
    },
  ],
  Symbol(enzyme.__options__): Object {
    "adapter": ReactSixteenAdapter {
      "options": Object {
        "enableComponentDidUpdateOnSetState": true,
      },
    },
  },
}
`;
